STDOUT:

> frontend@0.0.0 build
> vite build

[36mvite v8.0.2 [32mbuilding client environment for production...[36m[39m
[2K
transforming...âœ“ 19 modules transformed.
rendering chunks...
computing gzip size...
dist/index.html                   0.45 kB â”‚ gzip:  0.29 kB
dist/assets/index-DJO6Yu9H.css   39.54 kB â”‚ gzip:  7.03 kB
dist/assets/index-D8fygGS5.js   250.35 kB â”‚ gzip: 71.72 kB

[32mâœ“ built in 352ms[39m

STDERR:
